// Jest Snapshot v1, https://jestjs.io/docs/snapshot-testing

exports[`BoundaryButton should render correctly 1`] = `
<div>
  <div>
    <button
      class="inline-flex items-center justify-center px-6 py-3 text-base 
            font-light tracking-wide
           text-white bg-[#34a798] hover:bg-[#2a8a7a] dark:hover:bg-[#2a8a7a]
            rounded-lg shadow-lg 
           hover:shadow-xl hover:scale-105 active:scale-95 transition-all duration-300 
           focus:outline-none 
           focus:ring-2 focus:ring-[#34a798] focus:ring-offset-2 "
    />
  </div>
</div>
`;
